check_normaliser_grading.py -- issue #15 (mpmath, 60 digits)
==============================================================================

== (G1) functional calculus: (2q rho^_st)^(-i pi/(2 ln q)) |k> = (-1)^k |k>
[PASS] q=0.3: power equals (-1)^k, k<40: max deviation 1.94e-59 (tol 1.0e-50)
[PASS] q=0.7: power equals (-1)^k, k<40: max deviation 9.2e-60 (tol 1.0e-50)
[PASS] q=0.95: power equals (-1)^k, k<40: max deviation 9.94e-60 (tol 1.0e-50)

== (G2) Pi Omega~ Pi = -Omega~ on the chord sector (truncation N=60)
[PASS] q=0.6: all off-diagonal entries flip sign exactly: max deviation 0.0 (tol 1.0e-50)
[PASS] q=0.9: all off-diagonal entries flip sign exactly: max deviation 0.0 (tol 1.0e-50)

== (G3) H_k(-x;q^2) = (-1)^k H_k(x;q^2) (so Pi |P^theta> = |P^(pi-theta)>)
[PASS] q=0.6, theta=0.4: relative parity identity, k<=60: max deviation 0.0 (tol 1.0e-50)
[PASS] q=0.6, theta=1.3: relative parity identity, k<=60: max deviation 0.0 (tol 1.0e-50)
[PASS] q=0.6, theta=2.8: relative parity identity, k<=60: max deviation 0.0 (tol 1.0e-50)
[PASS] q=0.9, theta=0.4: relative parity identity, k<=60: max deviation 0.0 (tol 1.0e-50)
[PASS] q=0.9, theta=1.3: relative parity identity, k<=60: max deviation 0.0 (tol 1.0e-50)
[PASS] q=0.9, theta=2.8: relative parity identity, k<=60: max deviation 0.0 (tol 1.0e-50)

== (G4) factorisation S^l(0) = O^l(0) Pi ; conjugation triviality
[PASS] q=0.6, l=0.5: S^l(0) = O^l(0) Pi on chord basis: max deviation 0.0 (tol 1.0e-50)
[PASS] q=0.6, l=0.5: Pi O^l(0) Pi^(-1) = O^l(0) (conjugation triviality): max deviation 0.0 (tol 1.0e-50)
[PASS] q=0.6, l=0.5: |Pi O Pi^(-1) - S|/|S| = 2 on odd k (conjugation reading is false): max deviation 0.0 (tol 1.0e-50)
[PASS] q=0.9, l=1.0: S^l(0) = O^l(0) Pi on chord basis: max deviation 0.0 (tol 1.0e-50)
[PASS] q=0.9, l=1.0: Pi O^l(0) Pi^(-1) = O^l(0) (conjugation triviality): max deviation 0.0 (tol 1.0e-50)
[PASS] q=0.9, l=1.0: |Pi O Pi^(-1) - S|/|S| = 2 on odd k (conjugation reading is false): max deviation 0.0 (tol 1.0e-50)

== (G5) kernel identity through Pi (chord sums, no q-Mehler)
[PASS] q=0.6, l=0.5, th=(0.7,2.1): sum_k (-t)^k H H = sum_k t^k H H(pi-th2) (rel): max deviation 2.56e-61 (tol 1.0e-45)
[PASS]         same vs closed form K^O(th1,pi-th2) (rel): max deviation 3.85e-61 (tol 1.0e-40)
[PASS] q=0.6, l=0.5, th=(2.9,0.3): sum_k (-t)^k H H = sum_k t^k H H(pi-th2) (rel): max deviation 8.15e-61 (tol 1.0e-45)
[PASS]         same vs closed form K^O(th1,pi-th2) (rel): max deviation 1.36e-60 (tol 1.0e-40)
[PASS] q=0.9, l=2.0, th=(0.7,2.1): sum_k (-t)^k H H = sum_k t^k H H(pi-th2) (rel): max deviation 7.78e-61 (tol 1.0e-45)
[PASS]         same vs closed form K^O(th1,pi-th2) (rel): max deviation 3.24e-60 (tol 1.0e-40)
[PASS] q=0.9, l=2.0, th=(2.9,0.3): sum_k (-t)^k H H = sum_k t^k H H(pi-th2) (rel): max deviation 2.59e-60 (tol 1.0e-45)
[PASS]         same vs closed form K^O(th1,pi-th2) (rel): max deviation 2.13e-60 (tol 1.0e-40)

== (G6) GKK grading operators on truncated L_{p,x} (principal case)
[PASS] q=0.6, chi(p)=0, theta=1.1: (a) Omega_GKK block scalar = ep*et*x [interior]: max deviation 5.72e-57 (tol 1.0e-50)
[PASS]         (b) U0^{+-} Omega + Omega U0^{+-} = 0 [interior]: max deviation 5.1e-57 (tol 1.0e-50)
[PASS]         (b) U0^{-+} Omega + Omega U0^{-+} = 0 [interior]: max deviation 5.1e-57 (tol 1.0e-50)
[PASS]         (c) [U0^{+-}, K] = 0: max deviation 0.0 (tol 1.0e-50)
[PASS]         (c) U0^{+-} unitary (U^*U = Id): max deviation 0.0 (tol 1.0e-50)
[PASS]         (c) (U0^{+-})^2 = -Id: max deviation 0.0 (tol 1.0e-50)
[PASS]         (c) [U0^{-+}, K] = 0: max deviation 0.0 (tol 1.0e-50)
[PASS]         (c) U0^{-+} unitary (U^*U = Id): max deviation 0.0 (tol 1.0e-50)
[PASS]         (c) (U0^{-+})^2 = -Id: max deviation 0.0 (tol 1.0e-50)
[PASS]         (d) U0^{+-} E U0^{+-}^* = +E' [interior]: max deviation 9.96e-60 (tol 1.0e-50)
[PASS]         (d) U0^{-+} E U0^{-+}^* = -E' [interior]: max deviation 9.96e-60 (tol 1.0e-50)
[PASS] q=0.8, chi(p)=1, theta=0.5: (a) Omega_GKK block scalar = ep*et*x [interior]: max deviation 8.01e-60 (tol 1.0e-50)
[PASS]         (b) U0^{+-} Omega + Omega U0^{+-} = 0 [interior]: max deviation 1.49e-59 (tol 1.0e-50)
[PASS]         (b) U0^{-+} Omega + Omega U0^{-+} = 0 [interior]: max deviation 1.49e-59 (tol 1.0e-50)
[PASS]         (c) [U0^{+-}, K] = 0: max deviation 0.0 (tol 1.0e-50)
[PASS]         (c) U0^{+-} unitary (U^*U = Id): max deviation 0.0 (tol 1.0e-50)
[PASS]         (c) (U0^{+-})^2 = -Id: max deviation 0.0 (tol 1.0e-50)
[PASS]         (c) [U0^{-+}, K] = 0: max deviation 0.0 (tol 1.0e-50)
[PASS]         (c) U0^{-+} unitary (U^*U = Id): max deviation 0.0 (tol 1.0e-50)
[PASS]         (c) (U0^{-+})^2 = -Id: max deviation 0.0 (tol 1.0e-50)
[PASS]         (d) U0^{+-} E U0^{+-}^* = +E' [interior]: max deviation 2.49e-60 (tol 1.0e-50)
[PASS]         (d) U0^{-+} E U0^{-+}^* = -E' [interior]: max deviation 2.49e-60 (tol 1.0e-50)

== (G7) fusion pi^S_(L-1/2) + D^-_L + D^+_L inside one corepresentation [GKK case (i)]
[PASS] q=0.6, chi=0, j=2: (+,+) E-coeffs = strange series a=1.5: max deviation 1.55e-61 (tol 1.0e-50)
[PASS]         (+,+) K-eigenvalues = strange series: max deviation 0.0 (tol 1.0e-50)
[PASS]         (+,-), m>=j: E-coeffs = D^+ with L=2.0 (=a+1/2): max deviation 1.55e-61 (tol 1.0e-50)
[PASS]         (+,-) K-eigenvalues = D^+: max deviation 0.0 (tol 1.0e-50)
[PASS]         (+,-) lower-edge factor (1-q^(2m+2-2j)) vanishes at m=j-1: max deviation 0.0 (tol 1.0e-50)
[PASS]         (-,+), m<=l: E-coeffs = D^- with L=2.0: max deviation 1.54e-61 (tol 1.0e-50)
[PASS]         (-,+) K-eigenvalues = D^-: max deviation 0.0 (tol 1.0e-50)
[PASS]         Casimir values: +x = mu(q^(2a)), -x = -mu(q^(1-2L)): max deviation 0.0 (tol 1.0e-50)
[PASS] q=0.8, chi=1, j=1: (+,+) E-coeffs = strange series a=1.0: max deviation 2.83e-61 (tol 1.0e-50)
[PASS]         (+,+) K-eigenvalues = strange series: max deviation 1.56e-61 (tol 1.0e-50)
[PASS]         (+,-), m>=j: E-coeffs = D^+ with L=1.5 (=a+1/2): max deviation 3.6e-61 (tol 1.0e-50)
[PASS]         (+,-) K-eigenvalues = D^+: max deviation 7.78e-62 (tol 1.0e-50)
[PASS]         (+,-) lower-edge factor (1-q^(2m+2-2j)) vanishes at m=j-1: max deviation 0.0 (tol 1.0e-50)
[PASS]         (-,+), m<=l: E-coeffs = D^- with L=1.5: max deviation 2.43e-61 (tol 1.0e-50)
[PASS]         (-,+) K-eigenvalues = D^-: max deviation 1.99e-59 (tol 1.0e-50)
[PASS]         Casimir values: +x = mu(q^(2a)), -x = -mu(q^(1-2L)): max deviation 1.56e-61 (tol 1.0e-50)
[PASS] q=0.7, chi=2, j=3: (+,+) E-coeffs = strange series a=3.5: max deviation 2.71e-61 (tol 1.0e-50)
[PASS]         (+,+) K-eigenvalues = strange series: max deviation 9.96e-60 (tol 1.0e-50)
[PASS]         (+,-), m>=j: E-coeffs = D^+ with L=4.0 (=a+1/2): max deviation 2.58e-61 (tol 1.0e-50)
[PASS]         (+,-) K-eigenvalues = D^+: max deviation 1.94e-62 (tol 1.0e-50)
[PASS]         (+,-) lower-edge factor (1-q^(2m+2-2j)) vanishes at m=j-1: max deviation 0.0 (tol 1.0e-50)
[PASS]         (-,+), m<=l: E-coeffs = D^- with L=4.0: max deviation 2.62e-61 (tol 1.0e-50)
[PASS]         (-,+) K-eigenvalues = D^-: max deviation 6.37e-58 (tol 1.0e-50)
[PASS]         Casimir values: +x = mu(q^(2a)), -x = -mu(q^(1-2L)): max deviation 6.22e-61 (tol 1.0e-50)

ALL CHECKS PASSED
