check_conventions.py -- issue #3 verification
==============================================================================

== (C1) GKK Casimir eigenvalues from printed matrix elements, q = 0.3 (mpmath, 60 digits, sites |n| <= 15)
[PASS] D^+_0.5: Omega_GKK == -mu(q^(1-2k)): max deviation 9.861e-32 (tol 1.0e-12)
[PASS] D^+_1.0: Omega_GKK == -mu(q^(1-2k)): max deviation 3.508e-30 (tol 1.0e-12)
[PASS] D^+_1.5: Omega_GKK == -mu(q^(1-2k)): max deviation 6.455e-30 (tol 1.0e-12)
[PASS] D^+_3.0: Omega_GKK == -mu(q^(1-2k)): max deviation 2.633e-28 (tol 1.0e-12)
[PASS] D^-_0.5: Omega_GKK == -mu(q^(1-2k)): max deviation 6.032e-32 (tol 1.0e-12)
[PASS] D^-_1.0: Omega_GKK == -mu(q^(1-2k)): max deviation 2.822e-31 (tol 1.0e-12)
[PASS] D^-_2.5: Omega_GKK == -mu(q^(1-2k)): max deviation 1.978e-30 (tol 1.0e-12)
    pi_(b=0.3,eps=0.0): |Omega - cos(2b ln q)| = 1.500e+00, |Omega + cos(2b ln q)| = 1.481e-46
[PASS] pi_(b=0.3,eps=0.0): Omega_GKK == -cos(2 b ln q) (sign OPPOSITE to GKK's stated value): max deviation 1.481e-46 (tol 1.0e-12)
    pi_(b=0.7,eps=0.5): |Omega - cos(2b ln q)| = 2.290e-01, |Omega + cos(2b ln q)| = 1.628e-46
[PASS] pi_(b=0.7,eps=0.5): Omega_GKK == -cos(2 b ln q) (sign OPPOSITE to GKK's stated value): max deviation 1.628e-46 (tol 1.0e-12)
    pi_(b=1.1,eps=0.0): |Omega - cos(2b ln q)| = 1.762e+00, |Omega + cos(2b ln q)| = 1.302e-46
[PASS] pi_(b=1.1,eps=0.0): Omega_GKK == -cos(2 b ln q) (sign OPPOSITE to GKK's stated value): max deviation 1.302e-46 (tol 1.0e-12)
[PASS] pi^S_(a=0.5,eps=0.0): Omega_GKK == +mu(q^(2a)): max deviation 1.329e-46 (tol 1.0e-12)
[PASS] pi^S_(a=1.0,eps=0.5): Omega_GKK == +mu(q^(2a)): max deviation 2.065e-46 (tol 1.0e-12)
[PASS] pi^S_(a=2.5,eps=0.0): Omega_GKK == +mu(q^(2a)): max deviation 7.723e-47 (tol 1.0e-12)
[PASS] pi^S_(a=0.25,eps=0.5): Omega_GKK == +mu(q^(2a)): max deviation 3.213e-47 (tol 1.0e-12)
[PASS] complementary(lambda=-0.25): Omega_GKK == -mu(q^(1+2lambda)): max deviation 1.430e-46 (tol 1.0e-12)
[PASS] complementary(lambda=-0.05): Omega_GKK == -mu(q^(1+2lambda)): max deviation 2.274e-15 (tol 1.0e-12)
[PASS] complementary(lambda=-0.45): Omega_GKK == -mu(q^(1+2lambda)): max deviation 2.097e-16 (tol 1.0e-12)

== (C1) GKK Casimir eigenvalues from printed matrix elements, q = 0.7 (mpmath, 60 digits, sites |n| <= 15)
[PASS] D^+_0.5: Omega_GKK == -mu(q^(1-2k)): max deviation 8.352e-53 (tol 1.0e-12)
[PASS] D^+_1.0: Omega_GKK == -mu(q^(1-2k)): max deviation 2.107e-52 (tol 1.0e-12)
[PASS] D^+_1.5: Omega_GKK == -mu(q^(1-2k)): max deviation 3.283e-52 (tol 1.0e-12)
[PASS] D^+_3.0: Omega_GKK == -mu(q^(1-2k)): max deviation 2.666e-52 (tol 1.0e-12)
[PASS] D^-_0.5: Omega_GKK == -mu(q^(1-2k)): max deviation 7.378e-53 (tol 1.0e-12)
[PASS] D^-_1.0: Omega_GKK == -mu(q^(1-2k)): max deviation 4.006e-53 (tol 1.0e-12)
[PASS] D^-_2.5: Omega_GKK == -mu(q^(1-2k)): max deviation 7.709e-53 (tol 1.0e-12)
    pi_(b=0.3,eps=0.0): |Omega - cos(2b ln q)| = 1.954e+00, |Omega + cos(2b ln q)| = 1.276e-57
[PASS] pi_(b=0.3,eps=0.0): Omega_GKK == -cos(2 b ln q) (sign OPPOSITE to GKK's stated value): max deviation 1.276e-57 (tol 1.0e-12)
    pi_(b=0.7,eps=0.5): |Omega - cos(2b ln q)| = 1.756e+00, |Omega + cos(2b ln q)| = 1.332e-57
[PASS] pi_(b=0.7,eps=0.5): Omega_GKK == -cos(2 b ln q) (sign OPPOSITE to GKK's stated value): max deviation 1.332e-57 (tol 1.0e-12)
    pi_(b=1.1,eps=0.0): |Omega - cos(2b ln q)| = 1.415e+00, |Omega + cos(2b ln q)| = 1.037e-57
[PASS] pi_(b=1.1,eps=0.0): Omega_GKK == -cos(2 b ln q) (sign OPPOSITE to GKK's stated value): max deviation 1.037e-57 (tol 1.0e-12)
[PASS] pi^S_(a=0.5,eps=0.0): Omega_GKK == +mu(q^(2a)): max deviation 1.203e-57 (tol 1.0e-12)
[PASS] pi^S_(a=1.0,eps=0.5): Omega_GKK == +mu(q^(2a)): max deviation 1.507e-57 (tol 1.0e-12)
[PASS] pi^S_(a=2.5,eps=0.0): Omega_GKK == +mu(q^(2a)): max deviation 1.283e-57 (tol 1.0e-12)
[PASS] pi^S_(a=0.25,eps=0.5): Omega_GKK == +mu(q^(2a)): max deviation 1.377e-57 (tol 1.0e-12)
[PASS] complementary(lambda=-0.25): Omega_GKK == -mu(q^(1+2lambda)): max deviation 1.377e-57 (tol 1.0e-12)
[PASS] complementary(lambda=-0.05): Omega_GKK == -mu(q^(1+2lambda)): max deviation 1.681e-16 (tol 1.0e-12)
[PASS] complementary(lambda=-0.45): Omega_GKK == -mu(q^(1+2lambda)): max deviation 1.836e-17 (tol 1.0e-12)

== (C1) GKK Casimir eigenvalues from printed matrix elements, q = 0.95 (mpmath, 60 digits, sites |n| <= 15)
[PASS] D^+_0.5: Omega_GKK == -mu(q^(1-2k)): max deviation 1.245e-60 (tol 1.0e-12)
[PASS] D^+_1.0: Omega_GKK == -mu(q^(1-2k)): max deviation 7.779e-61 (tol 1.0e-12)
[PASS] D^+_1.5: Omega_GKK == -mu(q^(1-2k)): max deviation 1.556e-60 (tol 1.0e-12)
[PASS] D^+_3.0: Omega_GKK == -mu(q^(1-2k)): max deviation 1.089e-60 (tol 1.0e-12)
[PASS] D^-_0.5: Omega_GKK == -mu(q^(1-2k)): max deviation 4.667e-61 (tol 1.0e-12)
[PASS] D^-_1.0: Omega_GKK == -mu(q^(1-2k)): max deviation 1.556e-60 (tol 1.0e-12)
[PASS] D^-_2.5: Omega_GKK == -mu(q^(1-2k)): max deviation 7.779e-61 (tol 1.0e-12)
    pi_(b=0.3,eps=0.0): |Omega - cos(2b ln q)| = 1.999e+00, |Omega + cos(2b ln q)| = 3.112e-61
[PASS] pi_(b=0.3,eps=0.0): Omega_GKK == -cos(2 b ln q) (sign OPPOSITE to GKK's stated value): max deviation 3.112e-61 (tol 1.0e-12)
    pi_(b=0.7,eps=0.5): |Omega - cos(2b ln q)| = 1.995e+00, |Omega + cos(2b ln q)| = 3.112e-61
[PASS] pi_(b=0.7,eps=0.5): Omega_GKK == -cos(2 b ln q) (sign OPPOSITE to GKK's stated value): max deviation 3.112e-61 (tol 1.0e-12)
    pi_(b=1.1,eps=0.0): |Omega - cos(2b ln q)| = 1.987e+00, |Omega + cos(2b ln q)| = 3.889e-61
[PASS] pi_(b=1.1,eps=0.0): Omega_GKK == -cos(2 b ln q) (sign OPPOSITE to GKK's stated value): max deviation 3.889e-61 (tol 1.0e-12)
[PASS] pi^S_(a=0.5,eps=0.0): Omega_GKK == +mu(q^(2a)): max deviation 4.667e-61 (tol 1.0e-12)
[PASS] pi^S_(a=1.0,eps=0.5): Omega_GKK == +mu(q^(2a)): max deviation 4.667e-61 (tol 1.0e-12)
[PASS] pi^S_(a=2.5,eps=0.0): Omega_GKK == +mu(q^(2a)): max deviation 4.667e-61 (tol 1.0e-12)
[PASS] pi^S_(a=0.25,eps=0.5): Omega_GKK == +mu(q^(2a)): max deviation 6.223e-61 (tol 1.0e-12)
[PASS] complementary(lambda=-0.25): Omega_GKK == -mu(q^(1+2lambda)): max deviation 3.112e-61 (tol 1.0e-12)
[PASS] complementary(lambda=-0.05): Omega_GKK == -mu(q^(1+2lambda)): max deviation 3.419e-18 (tol 1.0e-12)
[PASS] complementary(lambda=-0.45): Omega_GKK == -mu(q^(1+2lambda)): max deviation 3.797e-19 (tol 1.0e-12)

== (C2)-(C4) operator identities on truncated principal series (N=40, b=0.4, eps=0.0, q=0.6)
[PASS] SI relation K E = q E K: max deviation 1.002e-62 (tol 1.0e-12)
[PASS] SI relation K F = q^{-1} F K: max deviation 1.002e-62 (tol 1.0e-12)
[PASS] SI relation EF - FE = (K^2-K^{-2})/(q-q^{-1}): max deviation 4.946e-62 (tol 1.0e-12)
[PASS] SI *-structure E^* = -F: max deviation 0.000e+00 (tol 1.0e-12)
[PASS] (C2) Omega~_SI == -Omega_GKK: max deviation 4.939e-63 (tol 1.0e-12)
[PASS] (C4) Omega~_SI == (1/2)((q-q^{-1})^2 Omega_SI + 2): max deviation 0.000e+00 (tol 1.0e-12)
[PASS] (C3) Omega_BINN == Omega_SI: max deviation 4.006e-62 (tol 1.0e-12)

== (C5) chord-sector Casimir action diagonalised by continuous q^2-Hermite, q=0.7
[PASS] theta=0.300: Omega~ v = cos(theta) v (relative): max deviation 1.926e-61 (tol 1.0e-09)
[PASS] theta=1.200: Omega~ v = cos(theta) v (relative): max deviation 1.355e-61 (tol 1.0e-09)
[PASS] theta=1.571: Omega~ v = cos(theta) v (relative): max deviation 9.908e-62 (tol 1.0e-09)
[PASS] theta=2.600: Omega~ v = cos(theta) v (relative): max deviation 1.447e-61 (tol 1.0e-09)

ALL CHECKS PASSED
